Archive member included to satisfy reference by file (symbol)

d:/mounriver/mounriver_studio/toolchain/risc-v embedded gcc/bin/../lib/gcc/riscv-none-embed/8.2.0/rv32imacxw/ilp32\libgcc.a(save-restore.o)
                              ./User/ch32v20x_pwm.o (__riscv_save_6)
d:/mounriver/mounriver_studio/toolchain/risc-v embedded gcc/bin/../lib/gcc/riscv-none-embed/8.2.0/../../../../riscv-none-embed/lib/rv32imacxw/ilp32\libg_nano.a(lib_a-puts.o)
                              ./User/ch32v20x_pwm.o (puts)
d:/mounriver/mounriver_studio/toolchain/risc-v embedded gcc/bin/../lib/gcc/riscv-none-embed/8.2.0/../../../../riscv-none-embed/lib/rv32imacxw/ilp32\libg_nano.a(lib_a-wbuf.o)
                              d:/mounriver/mounriver_studio/toolchain/risc-v embedded gcc/bin/../lib/gcc/riscv-none-embed/8.2.0/../../../../riscv-none-embed/lib/rv32imacxw/ilp32\libg_nano.a(lib_a-puts.o) (__swbuf_r)
d:/mounriver/mounriver_studio/toolchain/risc-v embedded gcc/bin/../lib/gcc/riscv-none-embed/8.2.0/../../../../riscv-none-embed/lib/rv32imacxw/ilp32\libg_nano.a(lib_a-wsetup.o)
                              d:/mounriver/mounriver_studio/toolchain/risc-v embedded gcc/bin/../lib/gcc/riscv-none-embed/8.2.0/../../../../riscv-none-embed/lib/rv32imacxw/ilp32\libg_nano.a(lib_a-puts.o) (__swsetup_r)
d:/mounriver/mounriver_studio/toolchain/risc-v embedded gcc/bin/../lib/gcc/riscv-none-embed/8.2.0/../../../../riscv-none-embed/lib/rv32imacxw/ilp32\libg_nano.a(lib_a-fflush.o)
                              d:/mounriver/mounriver_studio/toolchain/risc-v embedded gcc/bin/../lib/gcc/riscv-none-embed/8.2.0/../../../../riscv-none-embed/lib/rv32imacxw/ilp32\libg_nano.a(lib_a-wbuf.o) (_fflush_r)
d:/mounriver/mounriver_studio/toolchain/risc-v embedded gcc/bin/../lib/gcc/riscv-none-embed/8.2.0/../../../../riscv-none-embed/lib/rv32imacxw/ilp32\libg_nano.a(lib_a-findfp.o)
                              d:/mounriver/mounriver_studio/toolchain/risc-v embedded gcc/bin/../lib/gcc/riscv-none-embed/8.2.0/../../../../riscv-none-embed/lib/rv32imacxw/ilp32\libg_nano.a(lib_a-puts.o) (__sinit)
d:/mounriver/mounriver_studio/toolchain/risc-v embedded gcc/bin/../lib/gcc/riscv-none-embed/8.2.0/../../../../riscv-none-embed/lib/rv32imacxw/ilp32\libg_nano.a(lib_a-fwalk.o)
                              d:/mounriver/mounriver_studio/toolchain/risc-v embedded gcc/bin/../lib/gcc/riscv-none-embed/8.2.0/../../../../riscv-none-embed/lib/rv32imacxw/ilp32\libg_nano.a(lib_a-findfp.o) (_fwalk)
d:/mounriver/mounriver_studio/toolchain/risc-v embedded gcc/bin/../lib/gcc/riscv-none-embed/8.2.0/../../../../riscv-none-embed/lib/rv32imacxw/ilp32\libg_nano.a(lib_a-impure.o)
                              d:/mounriver/mounriver_studio/toolchain/risc-v embedded gcc/bin/../lib/gcc/riscv-none-embed/8.2.0/../../../../riscv-none-embed/lib/rv32imacxw/ilp32\libg_nano.a(lib_a-fflush.o) (_global_impure_ptr)
d:/mounriver/mounriver_studio/toolchain/risc-v embedded gcc/bin/../lib/gcc/riscv-none-embed/8.2.0/../../../../riscv-none-embed/lib/rv32imacxw/ilp32\libg_nano.a(lib_a-makebuf.o)
                              d:/mounriver/mounriver_studio/toolchain/risc-v embedded gcc/bin/../lib/gcc/riscv-none-embed/8.2.0/../../../../riscv-none-embed/lib/rv32imacxw/ilp32\libg_nano.a(lib_a-wsetup.o) (__smakebuf_r)
d:/mounriver/mounriver_studio/toolchain/risc-v embedded gcc/bin/../lib/gcc/riscv-none-embed/8.2.0/../../../../riscv-none-embed/lib/rv32imacxw/ilp32\libg_nano.a(lib_a-memset.o)
                              d:/mounriver/mounriver_studio/toolchain/risc-v embedded gcc/bin/../lib/gcc/riscv-none-embed/8.2.0/../../../../riscv-none-embed/lib/rv32imacxw/ilp32\libg_nano.a(lib_a-findfp.o) (memset)
d:/mounriver/mounriver_studio/toolchain/risc-v embedded gcc/bin/../lib/gcc/riscv-none-embed/8.2.0/../../../../riscv-none-embed/lib/rv32imacxw/ilp32\libg_nano.a(lib_a-nano-freer.o)
                              d:/mounriver/mounriver_studio/toolchain/risc-v embedded gcc/bin/../lib/gcc/riscv-none-embed/8.2.0/../../../../riscv-none-embed/lib/rv32imacxw/ilp32\libg_nano.a(lib_a-wsetup.o) (_free_r)
d:/mounriver/mounriver_studio/toolchain/risc-v embedded gcc/bin/../lib/gcc/riscv-none-embed/8.2.0/../../../../riscv-none-embed/lib/rv32imacxw/ilp32\libg_nano.a(lib_a-nano-mallocr.o)
                              d:/mounriver/mounriver_studio/toolchain/risc-v embedded gcc/bin/../lib/gcc/riscv-none-embed/8.2.0/../../../../riscv-none-embed/lib/rv32imacxw/ilp32\libg_nano.a(lib_a-findfp.o) (_malloc_r)
d:/mounriver/mounriver_studio/toolchain/risc-v embedded gcc/bin/../lib/gcc/riscv-none-embed/8.2.0/../../../../riscv-none-embed/lib/rv32imacxw/ilp32\libg_nano.a(lib_a-sbrkr.o)
                              d:/mounriver/mounriver_studio/toolchain/risc-v embedded gcc/bin/../lib/gcc/riscv-none-embed/8.2.0/../../../../riscv-none-embed/lib/rv32imacxw/ilp32\libg_nano.a(lib_a-nano-mallocr.o) (_sbrk_r)
[...]
Memory Configuration

Name             Origin             Length             Attributes
FLASH            0x0000000000000000 0x0000000000010000 xr
RAM              0x0000000020000000 0x0000000000005000 xrw
*default*        0x0000000000000000 0xffffffffffffffff

Linker script and memory map

LOAD ./User/ch32v20x_it.o
LOAD ./User/ch32v20x_pwm.o
LOAD ./User/main.o
LOAD ./User/system_ch32v20x.o
LOAD ./Startup/startup_ch32v20x_D6.o
LOAD ./Peripheral/src/ch32v20x_adc.o
LOAD ./Peripheral/src/ch32v20x_bkp.o
LOAD ./Peripheral/src/ch32v20x_can.o
LOAD ./Peripheral/src/ch32v20x_crc.o
LOAD ./Peripheral/src/ch32v20x_dbgmcu.o
LOAD ./Peripheral/src/ch32v20x_dma.o
LOAD ./Peripheral/src/ch32v20x_exti.o
LOAD ./Peripheral/src/ch32v20x_flash.o
LOAD ./Peripheral/src/ch32v20x_gpio.o
LOAD ./Peripheral/src/ch32v20x_i2c.o
LOAD ./Peripheral/src/ch32v20x_iwdg.o
LOAD ./Peripheral/src/ch32v20x_misc.o
LOAD ./Peripheral/src/ch32v20x_opa.o
LOAD ./Peripheral/src/ch32v20x_pwr.o
LOAD ./Peripheral/src/ch32v20x_rcc.o
LOAD ./Peripheral/src/ch32v20x_rtc.o
LOAD ./Peripheral/src/ch32v20x_spi.o
LOAD ./Peripheral/src/ch32v20x_tim.o
LOAD ./Peripheral/src/ch32v20x_usart.o
LOAD ./Peripheral/src/ch32v20x_wwdg.o
LOAD ./Debug/debug.o
LOAD ./Core/core_riscv.o
LOAD d:/mounriver/mounriver_studio/toolchain/risc-v embedded gcc/bin/../lib/gcc/riscv-none-embed/8.2.0/rv32imacxw/ilp32\libgcc.a
LOAD d:/mounriver/mounriver_studio/toolchain/risc-v embedded gcc/bin/../lib/gcc/riscv-none-embed/8.2.0/../../../../riscv-none-embed/lib/rv32imacxw/ilp32\libg_nano.a
LOAD d:/mounriver/mounriver_studio/toolchain/risc-v embedded gcc/bin/../lib/gcc/riscv-none-embed/8.2.0/../../../../riscv-none-embed/lib/rv32imacxw/ilp32\libc_nano.a
LOAD d:/mounriver/mounriver_studio/toolchain/risc-v embedded gcc/bin/../lib/gcc/riscv-none-embed/8.2.0/rv32imacxw/ilp32\libgcc.a
START GROUP
LOAD d:/mounriver/mounriver_studio/toolchain/risc-v embedded gcc/bin/../lib/gcc/riscv-none-embed/8.2.0/rv32imacxw/ilp32\libgcc.a
LOAD d:/mounriver/mounriver_studio/toolchain/risc-v embedded gcc/bin/../lib/gcc/riscv-none-embed/8.2.0/../../../../riscv-none-embed/lib/rv32imacxw/ilp32\libc_nano.a
LOAD d:/mounriver/mounriver_studio/toolchain/risc-v embedded gcc/bin/../lib/gcc/riscv-none-embed/8.2.0/../../../../riscv-none-embed/lib/rv32imacxw/ilp32\libnosys.a
END GROUP
START GROUP
LOAD d:/mounriver/mounriver_studio/toolchain/risc-v embedded gcc/bin/../lib/gcc/riscv-none-embed/8.2.0/rv32imacxw/ilp32\libgcc.a
LOAD d:/mounriver/mounriver_studio/toolchain/risc-v embedded gcc/bin/../lib/gcc/riscv-none-embed/8.2.0/../../../../riscv-none-embed/lib/rv32imacxw/ilp32\libc_nano.a
LOAD d:/mounriver/mounriver_studio/toolchain/risc-v embedded gcc/bin/../lib/gcc/riscv-none-embed/8.2.0/../../../../riscv-none-embed/lib/rv32imacxw/ilp32\libnosys.a
END GROUP
                0x0000000000000800                __stack_size = 0x800
                [!provide]                        PROVIDE (_stack_size = __stack_size)

.init           0x0000000000000000       0x38
                0x0000000000000000                _sinit = .
                0x0000000000000000                . = ALIGN (0x4)
 *(SORT_NONE(.init))
 .init          0x0000000000000000       0x38 ./Startup/startup_ch32v20x_D6.o
                0x0000000000000000                _start
                0x0000000000000038                . = ALIGN (0x4)
                0x0000000000000038                _einit = .

.vector         0x0000000000000038      0x108
 *(.vector)
 .vector        0x0000000000000038       0xfc ./Startup/startup_ch32v20x_D6.o
                0x0000000000000140                . = ALIGN (0x40)
 *fill*         0x0000000000000134        0xc 

.text           0x0000000000000140      0x970
                0x0000000000000140                . = ALIGN (0x4)
 *(.text)
 .text          0x0000000000000140       0x60 d:/mounriver/mounriver_studio/toolchain/risc-v embedded gcc/bin/../lib/gcc/riscv-none-embed/8.2.0/rv32imacxw/ilp32\libgcc.a(save-restore.o)
                0x0000000000000140                __riscv_save_12
                0x0000000000000148                __riscv_save_9
                0x0000000000000148                __riscv_save_11
                0x0000000000000148                __riscv_save_10
                0x0000000000000148                __riscv_save_8
                0x0000000000000156                __riscv_save_4
                0x0000000000000156                __riscv_save_6
                0x0000000000000156                __riscv_save_5
                0x0000000000000156                __riscv_save_7
                0x0000000000000170                __riscv_save_3
                0x0000000000000170                __riscv_save_2
                0x0000000000000170                __riscv_save_1
                0x0000000000000170                __riscv_save_0
                0x000000000000017c                __riscv_restore_12
                0x0000000000000180                __riscv_restore_11
                0x0000000000000180                __riscv_restore_9
                0x0000000000000180                __riscv_restore_10
                0x0000000000000180                __riscv_restore_8
                0x000000000000018a                __riscv_restore_5
                0x000000000000018a                __riscv_restore_7
                0x000000000000018a                __riscv_restore_6
                0x000000000000018a                __riscv_restore_4
                0x0000000000000194                __riscv_restore_3
                0x0000000000000194                __riscv_restore_0
                0x0000000000000194                __riscv_restore_2
                0x0000000000000194                __riscv_restore_1
 *(.text.*)
 .text.NMI_Handler
                0x00000000000001a0        0x4 ./User/ch32v20x_it.o
                0x00000000000001a0                NMI_Handler
 .text.HardFault_Handler
                0x00000000000001a4        0x2 ./User/ch32v20x_it.o
                0x00000000000001a4                HardFault_Handler
 .text.motorInit
                0x00000000000001a6      0x132 ./User/ch32v20x_pwm.o
                0x00000000000001a6                motorInit
 .text.motorWrite
                0x00000000000002d8       0x3e ./User/ch32v20x_pwm.o
                0x00000000000002d8                motorWrite
 .text.startup.main
                0x0000000000000316       0x54 ./User/main.o
                0x0000000000000316                main
 .text.SystemInit
                0x000000000000036a       0xea ./User/system_ch32v20x.o
                0x000000000000036a                SystemInit
 .text.vector_handler
                0x0000000000000454       0x6c ./Startup/startup_ch32v20x_D6.o
                0x0000000000000458                Ecall_M_Mode_Handler
                0x000000000000045a                Ecall_U_Mode_Handler
                0x000000000000045c                Break_Point_Handler
                0x000000000000045e                SysTick_Handler
                0x0000000000000460                SW_Handler
                0x0000000000000462                WWDG_IRQHandler
                0x0000000000000464                PVD_IRQHandler
                0x0000000000000466                TAMPER_IRQHandler
                0x0000000000000468                RTC_IRQHandler
                0x000000000000046a                FLASH_IRQHandler
                0x000000000000046c                RCC_IRQHandler
                0x000000000000046e                EXTI0_IRQHandler
                0x0000000000000470                EXTI1_IRQHandler
                0x0000000000000472                EXTI2_IRQHandler
                0x0000000000000474                EXTI3_IRQHandler
                0x0000000000000476                EXTI4_IRQHandler
                0x0000000000000478                DMA1_Channel1_IRQHandler
                0x000000000000047a                DMA1_Channel2_IRQHandler
                0x000000000000047c                DMA1_Channel3_IRQHandler
                0x000000000000047e                DMA1_Channel4_IRQHandler
                0x0000000000000480                DMA1_Channel5_IRQHandler
                0x0000000000000482                DMA1_Channel6_IRQHandler
                0x0000000000000484                DMA1_Channel7_IRQHandler
                0x0000000000000486                ADC1_2_IRQHandler
                0x0000000000000488                USB_HP_CAN1_TX_IRQHandler
                0x000000000000048a                USB_LP_CAN1_RX0_IRQHandler
                0x000000000000048c                CAN1_RX1_IRQHandler
                0x000000000000048e                CAN1_SCE_IRQHandler
                0x0000000000000490                EXTI9_5_IRQHandler
                0x0000000000000492                TIM1_BRK_IRQHandler
                0x0000000000000494                TIM1_UP_IRQHandler
                0x0000000000000496                TIM1_TRG_COM_IRQHandler
                0x0000000000000498                TIM1_CC_IRQHandler
                0x000000000000049a                TIM2_IRQHandler
                0x000000000000049c                TIM3_IRQHandler
                0x000000000000049e                TIM4_IRQHandler
                0x00000000000004a0                I2C1_EV_IRQHandler
                0x00000000000004a2                I2C1_ER_IRQHandler
                0x00000000000004a4                I2C2_EV_IRQHandler
                0x00000000000004a6                I2C2_ER_IRQHandler
                0x00000000000004a8                SPI1_IRQHandler
                0x00000000000004aa                SPI2_IRQHandler
                0x00000000000004ac                USART1_IRQHandler
                0x00000000000004ae                USART2_IRQHandler
                0x00000000000004b0                USART3_IRQHandler
                0x00000000000004b2                EXTI15_10_IRQHandler
                0x00000000000004b4                RTCAlarm_IRQHandler
                0x00000000000004b6                USBWakeUp_IRQHandler
                0x00000000000004b8                USBHD_IRQHandler
                0x00000000000004ba                USBHDWakeUp_IRQHandler
                0x00000000000004bc                UART4_IRQHandler
                0x00000000000004be                DMA1_Channel8_IRQHandler
 .text.handle_reset
                0x00000000000004c0       0x86 ./Startup/startup_ch32v20x_D6.o
                0x00000000000004c0                handle_reset
 .text.GPIO_Init
                0x0000000000000546       0xf2 ./Peripheral/src/ch32v20x_gpio.o
                0x0000000000000546                GPIO_Init
 .text.RCC_APB2PeriphClockCmd
                0x0000000000000638       0x1e ./Peripheral/src/ch32v20x_rcc.o
                0x0000000000000638                RCC_APB2PeriphClockCmd
 .text.TIM_TimeBaseInit
                0x0000000000000656       0x6a ./Peripheral/src/ch32v20x_tim.o
                0x0000000000000656                TIM_TimeBaseInit
 .text.TIM_OC1Init
                0x00000000000006c0       0x6a ./Peripheral/src/ch32v20x_tim.o
                0x00000000000006c0                TIM_OC1Init
 .text.TIM_OC2Init
                0x000000000000072a       0x96 ./Peripheral/src/ch32v20x_tim.o
                0x000000000000072a                TIM_OC2Init
 .text.TIM_OC3Init
                0x00000000000007c0       0x94 ./Peripheral/src/ch32v20x_tim.o
                0x00000000000007c0                TIM_OC3Init
 .text.TIM_BDTRConfig
                0x0000000000000854       0x20 ./Peripheral/src/ch32v20x_tim.o
                0x0000000000000854                TIM_BDTRConfig
 .text.TIM_Cmd  0x0000000000000874       0x18 ./Peripheral/src/ch32v20x_tim.o
                0x0000000000000874                TIM_Cmd
 .text.TIM_CtrlPWMOutputs
                0x000000000000088c       0x16 ./Peripheral/src/ch32v20x_tim.o
                0x000000000000088c                TIM_CtrlPWMOutputs
 .text.TIM_ARRPreloadConfig
                0x00000000000008a2       0x1a ./Peripheral/src/ch32v20x_tim.o
                0x00000000000008a2                TIM_ARRPreloadConfig
 .text.TIM_OC1PreloadConfig
                0x00000000000008bc        0xe ./Peripheral/src/ch32v20x_tim.o
                0x00000000000008bc                TIM_OC1PreloadConfig
 .text.TIM_OC2PreloadConfig
                0x00000000000008ca       0x16 ./Peripheral/src/ch32v20x_tim.o
                0x00000000000008ca                TIM_OC2PreloadConfig
 .text.TIM_OC3PreloadConfig
                0x00000000000008e0        0xe ./Peripheral/src/ch32v20x_tim.o
                0x00000000000008e0                TIM_OC3PreloadConfig
 .text.Delay_Init
                0x00000000000008ee       0x2a ./Debug/debug.o
                0x00000000000008ee                Delay_Init
 .text.Delay_Ms
                0x0000000000000918       0x36 ./Debug/debug.o
                0x0000000000000918                Delay_Ms
 *(.rodata)
 *(.rodata*)
 *fill*         0x000000000000094e        0x2 
 .rodata.pinmap_motor
                0x0000000000000950       0x60 ./User/ch32v20x_pwm.o
                0x0000000000000950                pinmap_motor
 .rodata.pinmap_timer
                0x00000000000009b0      0x100 ./User/ch32v20x_pwm.o
                0x00000000000009b0                pinmap_timer
 *(.gnu.linkonce.t.*)
                0x0000000000000ab0                . = ALIGN (0x4)

.rela.dyn       0x0000000000000ab0        0x0
 .rela.init     0x0000000000000ab0        0x0 ./User/ch32v20x_it.o
 .rela.vector   0x0000000000000ab0        0x0 ./User/ch32v20x_it.o
 .rela.text.handle_reset
                0x0000000000000ab0        0x0 ./User/ch32v20x_it.o

.fini           0x0000000000000ab0        0x0
 *(SORT_NONE(.fini))
                0x0000000000000ab0                . = ALIGN (0x4)
                [!provide]                        PROVIDE (_etext = .)
                [!provide]                        PROVIDE (_eitcm = .)

.preinit_array  0x0000000000000ab0        0x0
                [!provide]                        PROVIDE (__preinit_array_start = .)
 *(.preinit_array)
                [!provide]                        PROVIDE (__preinit_array_end = .)

.init_array     0x0000000000000ab0        0x0
                [!provide]                        PROVIDE (__init_array_start = .)
 *(SORT_BY_INIT_PRIORITY(.init_array.*) SORT_BY_INIT_PRIORITY(.ctors.*))
 *(.init_array EXCLUDE_FILE(*crtend?.o *crtend.o *crtbegin?.o *crtbegin.o) .ctors)
                [!provide]                        PROVIDE (__init_array_end = .)

.fini_array     0x0000000000000ab0        0x0
                [!provide]                        PROVIDE (__fini_array_start = .)
 *(SORT_BY_INIT_PRIORITY(.fini_array.*) SORT_BY_INIT_PRIORITY(.dtors.*))
 *(.fini_array EXCLUDE_FILE(*crtend?.o *crtend.o *crtbegin?.o *crtbegin.o) .dtors)
                [!provide]                        PROVIDE (__fini_array_end = .)

.ctors
 *crtbegin.o(.ctors)
 *crtbegin?.o(.ctors)
 *(EXCLUDE_FILE(*crtend?.o *crtend.o) .ctors)
 *(SORT_BY_NAME(.ctors.*))
 *(.ctors)

.dtors
 *crtbegin.o(.dtors)
 *crtbegin?.o(.dtors)
 *(EXCLUDE_FILE(*crtend?.o *crtend.o) .dtors)
 *(SORT_BY_NAME(.dtors.*))
 *(.dtors)

.dalign         0x0000000020000000        0x0 load address 0x0000000000000ab0
                0x0000000020000000                . = ALIGN (0x4)
                0x0000000020000000                PROVIDE (_data_vma = .)

.dlalign        0x0000000000000ab0        0x0
                0x0000000000000ab0                . = ALIGN (0x4)
                0x0000000000000ab0                PROVIDE (_data_lma = .)

.data           0x0000000020000000        0x8 load address 0x0000000000000ab0
 *(.gnu.linkonce.r.*)
 *(.data .data.*)
 *(.gnu.linkonce.d.*)
                0x0000000020000000                . = ALIGN (0x8)
                0x0000000020000800                PROVIDE (__global_pointer$ = (. + 0x800))
 *(.sdata .sdata.*)
 .sdata.SystemCoreClock
                0x0000000020000000        0x4 ./User/system_ch32v20x.o
                0x0000000020000000                SystemCoreClock
 *(.sdata2.*)
 *(.gnu.linkonce.s.*)
                0x0000000020000008                . = ALIGN (0x8)
 *fill*         0x0000000020000004        0x4 
 *(.srodata.cst16)
 *(.srodata.cst8)
 *(.srodata.cst4)
 *(.srodata.cst2)
 *(.srodata .srodata.*)
                0x0000000020000008                . = ALIGN (0x4)
                0x0000000020000008                PROVIDE (_edata = .)

.bss            0x0000000020000008        0x8 load address 0x0000000000000ab8
                0x0000000020000008                . = ALIGN (0x4)
                0x0000000020000008                PROVIDE (_sbss = .)
 *(.sbss*)
 .sbss.MCU_Version
                0x0000000020000008        0x1 ./Peripheral/src/ch32v20x_gpio.o
                0x0000000020000008                MCU_Version
 *fill*         0x0000000020000009        0x1 
 .sbss.p_ms     0x000000002000000a        0x2 ./Debug/debug.o
 .sbss.p_us     0x000000002000000c        0x1 ./Debug/debug.o
 *(.gnu.linkonce.sb.*)
 *(.bss*)
 *(.gnu.linkonce.b.*)
 *(COMMON*)
                0x0000000020000010                . = ALIGN (0x4)
 *fill*         0x000000002000000d        0x3 
                0x0000000020000010                PROVIDE (_ebss = .)
                0x0000000020000010                PROVIDE (_end = _ebss)
                [!provide]                        PROVIDE (end = .)

.stack          0x0000000020004800      0x800
                0x0000000020004800                PROVIDE (_heap_end = .)
                0x0000000020004800                . = ALIGN (0x4)
                [!provide]                        PROVIDE (_susrstack = .)
                0x0000000020005000                . = (. + __stack_size)
 *fill*         0x0000000020004800      0x800 
                0x0000000020005000                PROVIDE (_eusrstack = .)
OUTPUT(PWM_All_Channel.elf elf32-littleriscv)

.debug_info     0x0000000000000000     0x91c0
 .debug_info    0x0000000000000000      0x962 ./User/ch32v20x_it.o
 .debug_info    0x0000000000000962     0x1587 ./User/ch32v20x_pwm.o
 .debug_info    0x0000000000001ee9      0xb37 ./User/main.o
 .debug_info    0x0000000000002a20      0xb89 ./User/system_ch32v20x.o
 .debug_info    0x00000000000035a9       0x22 ./Startup/startup_ch32v20x_D6.o
 .debug_info    0x00000000000035cb     0x10d9 ./Peripheral/src/ch32v20x_gpio.o
 .debug_info    0x00000000000046a4     0x125c ./Peripheral/src/ch32v20x_rcc.o
 .debug_info    0x0000000000005900     0x29a5 ./Peripheral/src/ch32v20x_tim.o
 .debug_info    0x00000000000082a5      0xf1b ./Debug/debug.o

.debug_abbrev   0x0000000000000000     0x17b7
 .debug_abbrev  0x0000000000000000      0x1cf ./User/ch32v20x_it.o
 .debug_abbrev  0x00000000000001cf      0x31e ./User/ch32v20x_pwm.o
 .debug_abbrev  0x00000000000004ed      0x27f ./User/main.o
 .debug_abbrev  0x000000000000076c      0x2c0 ./User/system_ch32v20x.o
 .debug_abbrev  0x0000000000000a2c       0x12 ./Startup/startup_ch32v20x_D6.o
 .debug_abbrev  0x0000000000000a3e      0x33a ./Peripheral/src/ch32v20x_gpio.o
 .debug_abbrev  0x0000000000000d78      0x351 ./Peripheral/src/ch32v20x_rcc.o
 .debug_abbrev  0x00000000000010c9      0x408 ./Peripheral/src/ch32v20x_tim.o
 .debug_abbrev  0x00000000000014d1      0x2e6 ./Debug/debug.o

.debug_aranges  0x0000000000000000      0x5c0
 .debug_aranges
                0x0000000000000000       0x28 ./User/ch32v20x_it.o
 .debug_aranges
                0x0000000000000028       0x38 ./User/ch32v20x_pwm.o
 .debug_aranges
                0x0000000000000060       0x20 ./User/main.o
 .debug_aranges
                0x0000000000000080       0x28 ./User/system_ch32v20x.o
 .debug_aranges
                0x00000000000000a8       0x30 ./Startup/startup_ch32v20x_D6.o
 .debug_aranges
                0x00000000000000d8       0xa8 ./Peripheral/src/ch32v20x_gpio.o
 .debug_aranges
                0x0000000000000180      0x128 ./Peripheral/src/ch32v20x_rcc.o
 .debug_aranges
                0x00000000000002a8      0x2d0 ./Peripheral/src/ch32v20x_tim.o
 .debug_aranges
                0x0000000000000578       0x48 ./Debug/debug.o

.debug_ranges   0x0000000000000000      0x5a0
 .debug_ranges  0x0000000000000000       0x18 ./User/ch32v20x_it.o
 .debug_ranges  0x0000000000000018       0x28 ./User/ch32v20x_pwm.o
 .debug_ranges  0x0000000000000040       0x28 ./User/main.o
 .debug_ranges  0x0000000000000068       0x38 ./User/system_ch32v20x.o
 .debug_ranges  0x00000000000000a0       0x28 ./Startup/startup_ch32v20x_D6.o
 .debug_ranges  0x00000000000000c8       0x98 ./Peripheral/src/ch32v20x_gpio.o
 .debug_ranges  0x0000000000000160      0x118 ./Peripheral/src/ch32v20x_rcc.o
 .debug_ranges  0x0000000000000278      0x2f0 ./Peripheral/src/ch32v20x_tim.o
 .debug_ranges  0x0000000000000568       0x38 ./Debug/debug.o

.debug_line     0x0000000000000000     0x7301
 .debug_line    0x0000000000000000      0x236 ./User/ch32v20x_it.o
 .debug_line    0x0000000000000236      0xa78 ./User/ch32v20x_pwm.o
 .debug_line    0x0000000000000cae      0x316 ./User/main.o
 .debug_line    0x0000000000000fc4      0x6ac ./User/system_ch32v20x.o
 .debug_line    0x0000000000001670      0x28b ./Startup/startup_ch32v20x_D6.o
 .debug_line    0x00000000000018fb     0x1024 ./Peripheral/src/ch32v20x_gpio.o
 .debug_line    0x000000000000291f     0x119a ./Peripheral/src/ch32v20x_rcc.o
 .debug_line    0x0000000000003ab9     0x311b ./Peripheral/src/ch32v20x_tim.o
 .debug_line    0x0000000000006bd4      0x72d ./Debug/debug.o

.debug_str      0x0000000000000000     0x1daf
 .debug_str     0x0000000000000000      0x55c ./User/ch32v20x_it.o
                                        0x5bd (size before relaxing)
 .debug_str     0x000000000000055c      0x60b ./User/ch32v20x_pwm.o
                                        0xbd5 (size before relaxing)
 .debug_str     0x0000000000000b67       0x4f ./User/main.o
                                        0x609 (size before relaxing)
 .debug_str     0x0000000000000bb6      0x10b ./User/system_ch32v20x.o
                                        0x6d3 (size before relaxing)
 .debug_str     0x0000000000000cc1       0x59 ./Startup/startup_ch32v20x_D6.o
                                         0x9c (size before relaxing)
 .debug_str     0x0000000000000d1a      0x2a4 ./Peripheral/src/ch32v20x_gpio.o
                                        0x9b0 (size before relaxing)
 .debug_str     0x0000000000000fbe      0x3da ./Peripheral/src/ch32v20x_rcc.o
                                        0xaef (size before relaxing)
 .debug_str     0x0000000000001398      0x88f ./Peripheral/src/ch32v20x_tim.o
                                       0x12ae (size before relaxing)
 .debug_str     0x0000000000001c27      0x188 ./Debug/debug.o
                                        0x932 (size before relaxing)

.comment        0x0000000000000000       0x33
 .comment       0x0000000000000000       0x33 ./User/ch32v20x_it.o
                                         0x34 (size before relaxing)
 .comment       0x0000000000000033       0x34 ./User/ch32v20x_pwm.o
 .comment       0x0000000000000033       0x34 ./User/main.o
 .comment       0x0000000000000033       0x34 ./User/system_ch32v20x.o
 .comment       0x0000000000000033       0x34 ./Peripheral/src/ch32v20x_gpio.o
 .comment       0x0000000000000033       0x34 ./Peripheral/src/ch32v20x_rcc.o
 .comment       0x0000000000000033       0x34 ./Peripheral/src/ch32v20x_tim.o
 .comment       0x0000000000000033       0x34 ./Debug/debug.o

.debug_frame    0x0000000000000000      0xb70
 .debug_frame   0x0000000000000000       0x30 ./User/ch32v20x_it.o
 .debug_frame   0x0000000000000030       0x9c ./User/ch32v20x_pwm.o
 .debug_frame   0x00000000000000cc       0x2c ./User/main.o
 .debug_frame   0x00000000000000f8       0x3c ./User/system_ch32v20x.o
 .debug_frame   0x0000000000000134      0x148 ./Peripheral/src/ch32v20x_gpio.o
 .debug_frame   0x000000000000027c      0x244 ./Peripheral/src/ch32v20x_rcc.o
 .debug_frame   0x00000000000004c0      0x614 ./Peripheral/src/ch32v20x_tim.o
 .debug_frame   0x0000000000000ad4       0x9c ./Debug/debug.o

.debug_loc      0x0000000000000000     0x2ef0
 .debug_loc     0x0000000000000000      0x387 ./User/ch32v20x_pwm.o
 .debug_loc     0x0000000000000387       0xa7 ./User/main.o
 .debug_loc     0x000000000000042e       0xac ./User/system_ch32v20x.o
 .debug_loc     0x00000000000004da      0x7fa ./Peripheral/src/ch32v20x_gpio.o
 .debug_loc     0x0000000000000cd4      0x797 ./Peripheral/src/ch32v20x_rcc.o
 .debug_loc     0x000000000000146b     0x190e ./Peripheral/src/ch32v20x_tim.o
 .debug_loc     0x0000000000002d79      0x177 ./Debug/debug.o

.stabstr        0x0000000000000000      0x117
 .stabstr       0x0000000000000000      0x117 d:/mounriver/mounriver_studio/toolchain/risc-v embedded gcc/bin/../lib/gcc/riscv-none-embed/8.2.0/../../../../riscv-none-embed/lib/rv32imacxw/ilp32\libnosys.a(close.o)
